// Jest Snapshot v1, https://goo.gl/fbAQLP

exports[`snapshot bsmCoordinates wzdx 1`] = `
<div>
  <div
    class="container"
  >
    <div
      class="MuiGrid-root MuiGrid-container legend-grid css-mocked-MuiGrid-root"
    >
      <div
        class="legend"
      >
        <h1
          class="legend-header"
        >
          Map Layers
        </h1>
        <div
          class="legend-item"
        >
          <label
            class="legend-label"
          >
            <input
              class="legend-input"
              type="checkbox"
            />
            RSU Viewer
          </label>
        </div>
        <div
          class="legend-item"
        >
          <label
            class="legend-label"
          >
            <input
              checked=""
              class="legend-input"
              type="checkbox"
            />
            Heatmap
          </label>
        </div>
        <div
          class="legend-item"
        >
          <label
            class="legend-label"
          >
            <input
              checked=""
              class="legend-input"
              type="checkbox"
            />
            BSM Viewer
          </label>
        </div>
        <div
          class="legend-item"
        >
          <label
            class="legend-label"
          >
            <input
              checked=""
              class="legend-input"
              type="checkbox"
            />
            WZDx Viewer
          </label>
        </div>
      </div>
    </div>
    <div
      class="container-fluid"
      style="width: 100%; height: calc(100vh - 100px); display: flex;"
    >
      <div
        style="position: relative; width: 100%; height: 100%;"
      />
    </div>
    <div
      class="control"
    >
      <div
        class="buttonContainer"
      >
        <button
          class="button"
        >
          Add Point
        </button>
        <button
          class="button"
        >
          Clear
        </button>
      </div>
      <div
        class="dateContainer"
      >
        <div
          class="MuiFormControl-root MuiTextField-root css-mocked-MuiFormControl-root-MuiTextField-root"
        >
          <label
            class="MuiFormLabel-root MuiInputLabel-root MuiInputLabel-formControl MuiInputLabel-animated MuiInputLabel-shrink MuiInputLabel-outlined MuiFormLabel-colorPrimary MuiFormLabel-filled MuiInputLabel-root MuiInputLabel-formControl MuiInputLabel-animated MuiInputLabel-shrink MuiInputLabel-outlined css-mocked-MuiFormLabel-root-MuiInputLabel-root"
            data-shrink="true"
            for="mui-1"
            id="mui-1-label"
          >
            Select start date
          </label>
          <div
            class="MuiInputBase-root MuiOutlinedInput-root MuiInputBase-colorPrimary MuiInputBase-formControl MuiInputBase-adornedEnd css-mocked-MuiInputBase-root-MuiOutlinedInput-root"
          >
            <input
              class="MuiInputBase-input MuiOutlinedInput-input MuiInputBase-inputAdornedEnd css-mocked-MuiInputBase-input-MuiOutlinedInput-input"
              id="mui-1"
              placeholder="mm/dd/yyyy hh:mm (a|p)m"
              type="tel"
              value="05/10/2023 03:24 AM"
            />
            <div
              class="MuiInputAdornment-root MuiInputAdornment-positionEnd MuiInputAdornment-outlined MuiInputAdornment-sizeMedium css-mocked-MuiInputAdornment-root"
            >
              <button
                aria-label="Choose date, selected date is May 10, 2023"
                class="MuiButtonBase-root MuiIconButton-root MuiIconButton-edgeEnd MuiIconButton-sizeMedium css-mocked-MuiButtonBase-root-MuiIconButton-root"
                tabindex="0"
                type="button"
              >
                <svg
                  aria-hidden="true"
                  class="MuiSvgIcon-root MuiSvgIcon-fontSizeMedium css-mocked-MuiSvgIcon-root"
                  data-testid="CalendarIcon"
                  focusable="false"
                  viewBox="0 0 24 24"
                >
                  <path
                    d="M17 12h-5v5h5v-5zM16 1v2H8V1H6v2H5c-1.11 0-1.99.9-1.99 2L3 19c0 1.1.89 2 2 2h14c1.1 0 2-.9 2-2V5c0-1.1-.9-2-2-2h-1V1h-2zm3 18H5V8h14v11z"
                  />
                </svg>
                <span
                  class="MuiTouchRipple-root css-mocked-MuiTouchRipple-root"
                />
              </button>
            </div>
            <fieldset
              aria-hidden="true"
              class="MuiOutlinedInput-notchedOutline css-mocked-MuiOutlinedInput-notchedOutline"
            >
              <legend
                class="css-14lo706"
              >
                <span>
                  Select start date
                </span>
              </legend>
            </fieldset>
          </div>
        </div>
      </div>
      <div
        class="dateContainer"
      >
        <div
          class="MuiFormControl-root MuiTextField-root css-mocked-MuiFormControl-root-MuiTextField-root"
        >
          <label
            class="MuiFormLabel-root MuiInputLabel-root MuiInputLabel-formControl MuiInputLabel-animated MuiInputLabel-shrink MuiInputLabel-outlined MuiFormLabel-colorPrimary MuiFormLabel-filled MuiInputLabel-root MuiInputLabel-formControl MuiInputLabel-animated MuiInputLabel-shrink MuiInputLabel-outlined css-mocked-MuiFormLabel-root-MuiInputLabel-root"
            data-shrink="true"
            for="mui-2"
            id="mui-2-label"
          >
            Select end date
          </label>
          <div
            class="MuiInputBase-root MuiOutlinedInput-root MuiInputBase-colorPrimary MuiInputBase-formControl MuiInputBase-adornedEnd css-mocked-MuiInputBase-root-MuiOutlinedInput-root"
          >
            <input
              class="MuiInputBase-input MuiOutlinedInput-input MuiInputBase-inputAdornedEnd css-mocked-MuiInputBase-input-MuiOutlinedInput-input"
              id="mui-2"
              placeholder="mm/dd/yyyy hh:mm (a|p)m"
              type="tel"
              value="05/10/2023 03:25 AM"
            />
            <div
              class="MuiInputAdornment-root MuiInputAdornment-positionEnd MuiInputAdornment-outlined MuiInputAdornment-sizeMedium css-mocked-MuiInputAdornment-root"
            >
              <button
                aria-label="Choose date, selected date is May 10, 2023"
                class="MuiButtonBase-root MuiIconButton-root MuiIconButton-edgeEnd MuiIconButton-sizeMedium css-mocked-MuiButtonBase-root-MuiIconButton-root"
                tabindex="0"
                type="button"
              >
                <svg
                  aria-hidden="true"
                  class="MuiSvgIcon-root MuiSvgIcon-fontSizeMedium css-mocked-MuiSvgIcon-root"
                  data-testid="CalendarIcon"
                  focusable="false"
                  viewBox="0 0 24 24"
                >
                  <path
                    d="M17 12h-5v5h5v-5zM16 1v2H8V1H6v2H5c-1.11 0-1.99.9-1.99 2L3 19c0 1.1.89 2 2 2h14c1.1 0 2-.9 2-2V5c0-1.1-.9-2-2-2h-1V1h-2zm3 18H5V8h14v11z"
                  />
                </svg>
                <span
                  class="MuiTouchRipple-root css-mocked-MuiTouchRipple-root"
                />
              </button>
            </div>
            <fieldset
              aria-hidden="true"
              class="MuiOutlinedInput-notchedOutline css-mocked-MuiOutlinedInput-notchedOutline"
            >
              <legend
                class="css-14lo706"
              >
                <span>
                  Select end date
                </span>
              </legend>
            </fieldset>
          </div>
        </div>
      </div>
      <div
        class="submitContainer"
      >
        <button
          id="submitButton"
        >
          Submit
        </button>
      </div>
    </div>
  </div>
</div>
`;

exports[`snapshot bsmData clicked 1`] = `
<div>
  <div
    class="container"
  >
    <div
      class="MuiGrid-root MuiGrid-container legend-grid css-mocked-MuiGrid-root"
    >
      <div
        class="legend"
      >
        <h1
          class="legend-header"
        >
          Map Layers
        </h1>
        <div
          class="legend-item"
        >
          <label
            class="legend-label"
          >
            <input
              checked=""
              class="legend-input"
              type="checkbox"
            />
            RSU Viewer
          </label>
        </div>
        <div
          class="legend-item"
        >
          <label
            class="legend-label"
          >
            <input
              class="legend-input"
              type="checkbox"
            />
            Heatmap
          </label>
        </div>
        <div
          class="legend-item"
        >
          <label
            class="legend-label"
          >
            <input
              class="legend-input"
              type="checkbox"
            />
            BSM Viewer
          </label>
        </div>
        <div
          class="legend-item"
        >
          <label
            class="legend-label"
          >
            <input
              class="legend-input"
              type="checkbox"
            />
            WZDx Viewer
          </label>
        </div>
      </div>
      <div
        class="rsu-status-div"
      >
        <h1
          class="legend-header"
        >
          RSU Status
        </h1>
        <label
          class="rsu-status-label"
        >
          <input
            checked=""
            class="rsu-status-input"
            name="none-status-radio"
            type="radio"
            value="none"
          />
          None
        </label>
        <label
          class="rsu-status-label"
        >
          <input
            class="rsu-status-input"
            name="online-status-radio"
            type="radio"
            value="online"
          />
          Online Status
        </label>
        <label
          class="rsu-status-label"
        >
          <input
            class="rsu-status-input"
            name="scms-status-radio"
            type="radio"
            value="scms"
          />
          SCMS Status
        </label>
      </div>
      <div
        class="vendor-filter-div"
      >
        <h2>
          Filter RSUs
        </h2>
        <h4>
          Vendor
        </h4>
        <div
          aria-autocomplete="list"
          aria-busy="false"
          aria-controls="rw_5_listbox"
          aria-disabled="false"
          aria-expanded="false"
          aria-haspopup="listbox"
          aria-owns="rw_5_listbox"
          aria-readonly="false"
          class="form-dropdown rw-dropdown-list rw-widget"
          data-intent="mouse"
          id="rw_4_input"
          role="combobox"
          tabindex="-1"
        >
          <div
            class="rw-widget-input rw-widget-picker rw-widget-container"
            tabindex="-1"
          >
            <div
              class="rw-dropdown-list-input"
            >
              <input
                aria-hidden="true"
                class="rw-detect-autofill rw-sr"
                tabindex="-1"
                value="Select Vendor"
              />
              <input
                autocomplete="off"
                class="rw-dropdownlist-search"
                size="2"
                value=""
              />
              <span
                class="rw-dropdown-list-value"
              >
                Select Vendor
              </span>
            </div>
            <span
              aria-hidden="true"
              class="rw-btn rw-picker-caret"
            >
              <svg
                aria-hidden="true"
                fill="currentcolor"
                height="1em"
                viewBox="0 0 320 512"
                xmlns="http://www.w3.org/2000/svg"
              >
                <path
                  d="M31.3 192h257.3c17.8 0 26.7 21.5 14.1 34.1L174.1 354.8c-7.8 7.8-20.5 7.8-28.3 0L17.2 226.1C4.6 213.5 13.5 192 31.3 192z"
                />
              </svg>
            </span>
          </div>
        </div>
      </div>
    </div>
    <div
      class="container-fluid"
      style="width: 100%; height: calc(100vh - 100px); display: flex;"
    >
      <div
        style="position: relative; width: 100%; height: 100%;"
      />
    </div>
  </div>
</div>
`;
