// Jest Snapshot v1, https://goo.gl/fbAQLP

exports[`should take a snapshot 1`] = `
<div>
  <li
    class="tab-list-item tab-list-active"
    tabindex="0"
  />
</div>
`;
